// Jest Snapshot v1, https://goo.gl/fbAQLP

exports[`enums should properly generate code for enum with docs 1`] = `
"import * as TypeGraphQL from \\"type-graphql\\";

/** Role enum doc */
export enum Role {
  USER = \\"USER\\",
  ADMIN = \\"ADMIN\\"
}
TypeGraphQL.registerEnumType(Role, {
  name: \\"Role\\",
  description: \\"Role enum doc\\",
});
"
`;

exports[`enums should properly generate code for normal enum 1`] = `
"import * as TypeGraphQL from \\"type-graphql\\";

export enum Color {
  RED = \\"RED\\",
  GREEN = \\"GREEN\\",
  BLUE = \\"BLUE\\"
}
TypeGraphQL.registerEnumType(Color, {
  name: \\"Color\\",
  description: undefined,
});
"
`;

exports[`enums should properly generate sort order enum: SortOrder 1`] = `
"import * as TypeGraphQL from \\"type-graphql\\";

export enum SortOrder {
  asc = \\"asc\\",
  desc = \\"desc\\"
}
TypeGraphQL.registerEnumType(SortOrder, {
  name: \\"SortOrder\\",
  description: undefined,
});
"
`;
