// Jest Snapshot v1, https://goo.gl/fbAQLP

exports[`generator integration should generates TypeGraphQL classes files to output folder by running \`prisma2 generate\`: files structure 1`] = `
"
[type-graphql]
  [enums]
    Color.ts
    index.ts
    OrderByArg.ts
  index.ts
  [models]
    index.ts
    Post.ts
    User.ts
  [resolvers]
    [crud]
      index.ts
      [Post]
        [args]
          CreateOnePostArgs.ts
          DeleteOnePostArgs.ts
          FindManyPostArgs.ts
          FindOnePostArgs.ts
          index.ts
          UpdateManyPostArgs.ts
          UpdateOnePostArgs.ts
          UpsertOnePostArgs.ts
        PostCrudResolver.ts
      [User]
        [args]
          CreateOneUserArgs.ts
          DeleteOneUserArgs.ts
          FindManyUserArgs.ts
          FindOneUserArgs.ts
          index.ts
          UpdateManyUserArgs.ts
          UpdateOneUserArgs.ts
          UpsertOneUserArgs.ts
        UserCrudResolver.ts
    [inputs]
      ColorFilter.ts
      index.ts
      IntFilter.ts
      NullableStringFilter.ts
      PostCreateInput.ts
      PostCreateManyWithoutPostsInput.ts
      PostCreateWithoutAuthorInput.ts
      PostFilter.ts
      PostOrderByInput.ts
      PostScalarWhereInput.ts
      PostUpdateInput.ts
      PostUpdateManyDataInput.ts
      PostUpdateManyMutationInput.ts
      PostUpdateManyWithoutAuthorInput.ts
      PostUpdateManyWithWhereNestedInput.ts
      PostUpdateWithoutAuthorDataInput.ts
      PostUpdateWithWhereUniqueWithoutAuthorInput.ts
      PostUpsertWithWhereUniqueWithoutAuthorInput.ts
      PostWhereInput.ts
      PostWhereUniqueInput.ts
      StringFilter.ts
      UserCreateInput.ts
      UserCreateOneWithoutAuthorInput.ts
      UserCreateWithoutPostsInput.ts
      UserOrderByInput.ts
      UserUpdateInput.ts
      UserUpdateManyMutationInput.ts
      UserUpdateOneRequiredWithoutPostsInput.ts
      UserUpdateWithoutPostsDataInput.ts
      UserUpsertWithoutPostsInput.ts
      UserWhereInput.ts
      UserWhereUniqueInput.ts
    [outputs]
      AggregatePost.ts
      AggregateUser.ts
      BatchPayload.ts
      index.ts
    [relations]
      index.ts
      [Post]
        PostRelationsResolver.ts
      [User]
        [args]
          index.ts
          UserPostsArgs.ts
        UserRelationsResolver.ts
"
`;
